 
****************************************
Report : clocks
Design : SYS_TOP
Version: O-2018.06-SP1
Date   : Mon Sep 21 22:41:49 2026
****************************************

Attributes:
    d - dont_touch_network
    f - fix_hold
    p - propagated_clock
    G - generated_clock
    g - lib_generated_clock

Clock          Period   Waveform            Attrs     Sources
--------------------------------------------------------------------------------
GATED_CLK       20.00   {0 10}              G d       {UO_CLK_GATE/GATED_CLK}
REF_CLK         20.00   {0 10}              d         {REF_CLK}
UART_CLK       271.27   {0 135.634}         d         {UART_CLK}
UART_RX_CLK    271.27   {0 135.634}         G d       {UO_RX_ClkDiv/o_div_clk}
UART_TX_CLK   8680.56   {0 4340.28}         G d       {UO_TX_ClkDiv/o_div_clk}
--------------------------------------------------------------------------------

Generated     Master         Generated      Master         Waveform
Clock         Source         Source         Clock          Modification
--------------------------------------------------------------------------------
GATED_CLK     REF_CLK        {UO_CLK_GATE/GATED_CLK}
                                            REF_CLK        divide_by(1)
UART_RX_CLK   UART_CLK       {UO_RX_ClkDiv/o_div_clk}
                                            UART_CLK       divide_by(1)
UART_TX_CLK   UART_CLK       {UO_TX_ClkDiv/o_div_clk}
                                            UART_CLK       divide_by(32)
--------------------------------------------------------------------------------
1
