In mode: Internal_scan...
  Design has scan chains in this mode
  Design is scan routed
  Post-DFT DRC enabled

Information: Starting test design rule checking. (TEST-222)
  Loading test protocol
  ...basic checks...
  ...basic sequential cell checks...
  ...checking vector rules...
  ...checking clock rules...
  ...checking scan chain rules...
  ...checking scan compression rules...
  ...checking X-state rules...
  ...checking tristate rules...
  ...extracting scan details...

-----------------------------------------------------------------
Begin Other violations...

Warning: Cell UO_CLK_GATE/U0_TLATNCAX12M has constant 1 value. (TEST-505)

Other violations completed...
-----------------------------------------------------------------

-----------------------------------------------------------------
  DRC Report

  Total violations: 1

-----------------------------------------------------------------

1 OTHER VIOLATION
     1 Cell is constant 1 violation (TEST-505)


Warning: Violations occurred during test design rule checking. (TEST-124)

-----------------------------------------------------------------
  Sequential Cell Report

  1 out of 357 sequential cells have violations

-----------------------------------------------------------------

SEQUENTIAL CELLS WITH VIOLATIONS
      *   1 cell has constant 1 value
         UO_CLK_GATE/U0_TLATNCAX12M
SEQUENTIAL CELLS WITHOUT VIOLATIONS
      * 345 cells are valid scan cells
         U0_SYS_RST/FF_reg[1]
         U0_SYS_RST/FF_reg[0]
         U0_UART_RST/FF_reg[0]
         U0_Memory/RdData_VLD_reg
         UO_UART/U0_UART_RX/D_U_T_data_sampling/S2_reg
         UO_UART/U0_UART_RX/D_U_T_data_sampling/sampled_pit_reg
         UO_UART/U0_UART_RX/D_U_T_deserializer/Q_reg[7]
         UO_UART/U0_UART_RX/D_U_T_deserializer/Q_reg[6]
         UO_UART/U0_UART_RX/D_U_T_deserializer/Q_reg[5]
         UO_UART/U0_UART_RX/D_U_T_deserializer/Q_reg[4]
         UO_UART/U0_UART_RX/D_U_T_deserializer/Q_reg[3]
         UO_UART/U0_UART_RX/D_U_T_deserializer/Q_reg[2]
         UO_UART/U0_UART_RX/D_U_T_deserializer/Q_reg[1]
         UO_UART/U0_UART_RX/D_U_T_deserializer/Q_reg[0]
         UO_UART/U0_UART_RX/D_U_T_FSM/frame_valid_reg[0]
         UO_UART/U0_UART_RX/D_U_T_FSM/data_valid_reg
         U_0_Data_Synchronizer/F_F_reg[1]
         U_0_Data_Synchronizer/enable_bulse_reg
         U0_SYS_CTRL/current_state_reg[1]
         U0_FIFO_TOP/F_W/wbinary_reg[0]
         U0_FIFO_TOP/F_W/wbinary_reg[1]
         U0_FIFO_TOP/F_W/wbinary_reg[2]
         U0_FIFO_TOP/F_W/wptr_reg[3]
         U0_FIFO_TOP/S_w2r/FF_reg[3]
         U0_FIFO_TOP/F_W/wptr_reg[2]
         U0_FIFO_TOP/S_w2r/FF_reg[2]
         U0_FIFO_TOP/F_W/wptr_reg[1]
         U0_FIFO_TOP/S_w2r/FF_reg[1]
         U0_FIFO_TOP/F_W/wptr_reg[0]
         U0_FIFO_TOP/S_w2r/FF_reg[0]
         U0_FIFO_TOP/F_W/wfull_reg
         U0_SYS_CTRL/current_state_reg[0]
         U0_SYS_CTRL/current_state_reg[3]
         U0_A_F/OUT_VALID_reg
         U0_A_F/ALU_OUT_reg[9]
         U0_A_F/ALU_OUT_reg[10]
         U0_A_F/ALU_OUT_reg[11]
         U0_A_F/ALU_OUT_reg[12]
         U0_A_F/ALU_OUT_reg[13]
         U0_A_F/ALU_OUT_reg[14]
         U0_A_F/ALU_OUT_reg[15]
         U0_SYS_CTRL/Write_Address_reg_reg[1]
         U0_SYS_CTRL/Write_Address_reg_reg[0]
         U0_SYS_CTRL/Write_Address_reg_reg[2]
         U0_SYS_CTRL/Write_Address_reg_reg[3]
         UO_UART/U0_UART_TX/Ser/counter_reg[0]
         UO_UART/U0_UART_TX/Ser/counter_reg[1]
         UO_UART/U0_UART_TX/Ser/counter_reg[2]
         UO_UART/U0_UART_TX/Ser/counter_reg[3]
         UO_UART/U0_UART_TX/Ser/ser_done_reg
         U0_PULSE_GEN/F_F_reg
         U0_FIFO_TOP/F_R/rptr_reg[0]
         U0_FIFO_TOP/S_r2w/FF_reg[0]
         U0_FIFO_TOP/F_R/rptr_reg[1]
         U0_FIFO_TOP/S_r2w/FF_reg[1]
         U0_FIFO_TOP/F_R/rptr_reg[2]
         U0_FIFO_TOP/S_r2w/FF_reg[2]
         U0_FIFO_TOP/F_R/rptr_reg[3]
         U0_FIFO_TOP/S_r2w/FF_reg[3]
         U0_Memory/memory_reg[2][6]
         U0_Memory/memory_reg[2][5]
         U0_Memory/memory_reg[2][4]
         U0_Memory/memory_reg[2][2]
         UO_UART/U0_UART_RX/D_U_T_FSM/current_state_reg[2]
         UO_UART/U0_UART_RX/D_U_T_FSM/current_state_reg[1]
         UO_UART/U0_UART_RX/D_U_T_edge_pit_counter/edge_cnt_reg[1]
         UO_UART/U0_UART_RX/D_U_T_edge_pit_counter/edge_cnt_reg[2]
         UO_UART/U0_UART_RX/D_U_T_edge_pit_counter/edge_cnt_reg[3]
         UO_UART/U0_UART_RX/D_U_T_edge_pit_counter/edge_cnt_reg[4]
         UO_UART/U0_UART_RX/D_U_T_edge_pit_counter/edge_cnt_reg[5]
         UO_UART/U0_UART_RX/D_U_T_edge_pit_counter/bit_cnt_reg[0]
         UO_UART/U0_UART_RX/D_U_T_edge_pit_counter/bit_cnt_reg[3]
         UO_UART/U0_UART_RX/D_U_T_edge_pit_counter/bit_cnt_reg[1]
         UO_UART/U0_UART_RX/D_U_T_edge_pit_counter/bit_cnt_reg[2]
         UO_UART/U0_UART_RX/D_U_T_FSM/current_state_reg[0]
         UO_UART/U0_UART_RX/D_U_T_data_sampling/samples_done_reg
         UO_UART/U0_UART_RX/D_U_T_data_sampling/S3_reg
         UO_UART/U0_UART_RX/D_U_T_data_sampling/S1_reg
         U0_Memory/memory_reg[2][1]
         U0_Memory/memory_reg[0][0]
         U0_A_F/ALU_OUT_reg[8]
         U0_Memory/memory_reg[4][0]
         U0_Memory/memory_reg[4][7]
         U0_Memory/memory_reg[4][6]
         U0_Memory/memory_reg[4][5]
         U0_Memory/memory_reg[4][4]
         U0_Memory/memory_reg[4][3]
         U0_Memory/memory_reg[4][2]
         U0_Memory/memory_reg[4][1]
         U0_Memory/memory_reg[8][0]
         U0_Memory/memory_reg[8][7]
         U0_Memory/memory_reg[8][6]
         U0_Memory/memory_reg[8][5]
         U0_Memory/memory_reg[8][4]
         U0_Memory/memory_reg[8][3]
         U0_Memory/memory_reg[8][2]
         U0_Memory/memory_reg[8][1]
         U0_Memory/memory_reg[12][0]
         U0_Memory/memory_reg[12][7]
         U0_Memory/memory_reg[12][6]
         U0_Memory/memory_reg[12][5]
         U0_Memory/memory_reg[12][4]
         U0_Memory/memory_reg[12][3]
         U0_Memory/memory_reg[12][2]
         U0_Memory/memory_reg[12][1]
         UO_UART/U0_UART_RX/D_U_T_FSM/frame_valid_reg[1]
         U0_Memory/memory_reg[6][0]
         U0_Memory/memory_reg[6][7]
         U0_Memory/memory_reg[6][6]
         U0_Memory/memory_reg[6][5]
         U0_Memory/memory_reg[6][4]
         U0_Memory/memory_reg[6][3]
         U0_Memory/memory_reg[6][1]
         U0_Memory/memory_reg[10][0]
         U0_Memory/memory_reg[10][7]
         U0_Memory/memory_reg[10][6]
         U0_Memory/memory_reg[10][5]
         U0_Memory/memory_reg[10][4]
         U0_Memory/memory_reg[10][3]
         U0_Memory/memory_reg[10][2]
         U0_Memory/memory_reg[10][1]
         U0_Memory/memory_reg[14][0]
         U0_Memory/memory_reg[14][7]
         U0_Memory/memory_reg[14][6]
         U0_Memory/memory_reg[14][5]
         U0_Memory/memory_reg[14][4]
         U0_Memory/memory_reg[14][3]
         U0_Memory/memory_reg[14][2]
         U0_Memory/memory_reg[14][1]
         U0_Memory/memory_reg[1][5]
         U0_Memory/memory_reg[1][1]
         U0_A_F/ALU_OUT_reg[0]
         U0_A_F/ALU_OUT_reg[1]
         U0_A_F/ALU_OUT_reg[2]
         U0_A_F/ALU_OUT_reg[3]
         U0_A_F/ALU_OUT_reg[4]
         U0_A_F/ALU_OUT_reg[5]
         U0_A_F/ALU_OUT_reg[6]
         U0_A_F/ALU_OUT_reg[7]
         U0_Memory/memory_reg[5][0]
         U0_Memory/memory_reg[5][7]
         U0_Memory/memory_reg[5][6]
         U0_Memory/memory_reg[5][5]
         U0_Memory/memory_reg[5][4]
         U0_Memory/memory_reg[5][3]
         U0_Memory/memory_reg[5][2]
         U0_Memory/memory_reg[5][1]
         U0_Memory/memory_reg[9][0]
         U0_Memory/memory_reg[9][7]
         U0_Memory/memory_reg[9][6]
         U0_Memory/memory_reg[9][5]
         U0_Memory/memory_reg[9][4]
         U0_Memory/memory_reg[9][3]
         U0_Memory/memory_reg[9][2]
         U0_Memory/memory_reg[9][1]
         U0_Memory/memory_reg[13][0]
         U0_Memory/memory_reg[13][7]
         U0_Memory/memory_reg[13][6]
         U0_Memory/memory_reg[13][5]
         U0_Memory/memory_reg[13][4]
         U0_Memory/memory_reg[13][3]
         U0_Memory/memory_reg[13][2]
         U0_Memory/memory_reg[13][1]
         U0_Memory/memory_reg[15][0]
         U0_Memory/memory_reg[15][7]
         U0_Memory/memory_reg[15][6]
         U0_Memory/memory_reg[15][5]
         U0_Memory/memory_reg[15][4]
         U0_Memory/memory_reg[15][3]
         U0_Memory/memory_reg[15][2]
         U0_Memory/memory_reg[15][1]
         U0_Memory/memory_reg[11][0]
         U0_Memory/memory_reg[11][7]
         U0_Memory/memory_reg[11][6]
         U0_Memory/memory_reg[11][5]
         U0_Memory/memory_reg[11][4]
         U0_Memory/memory_reg[11][3]
         U0_Memory/memory_reg[11][2]
         U0_Memory/memory_reg[11][1]
         U0_Memory/memory_reg[7][0]
         U0_Memory/memory_reg[7][7]
         U0_Memory/memory_reg[7][6]
         U0_Memory/memory_reg[7][5]
         U0_Memory/memory_reg[7][4]
         U0_Memory/memory_reg[7][3]
         U0_Memory/memory_reg[7][2]
         U0_Memory/memory_reg[7][1]
         U0_Memory/memory_reg[3][0]
         U0_Memory/memory_reg[3][7]
         U0_Memory/memory_reg[3][6]
         U0_Memory/memory_reg[3][4]
         U0_Memory/memory_reg[3][3]
         U0_Memory/memory_reg[3][2]
         U0_Memory/memory_reg[3][1]
         U0_Memory/RdData_reg[7]
         U0_FIFO_TOP/F_M/MEM_reg[0][7]
         U0_FIFO_TOP/F_M/MEM_reg[1][7]
         U0_FIFO_TOP/F_M/MEM_reg[2][7]
         U0_FIFO_TOP/F_M/MEM_reg[3][7]
         U0_FIFO_TOP/F_M/MEM_reg[4][7]
         U0_FIFO_TOP/F_M/MEM_reg[5][7]
         U0_FIFO_TOP/F_M/MEM_reg[6][7]
         U0_FIFO_TOP/F_M/MEM_reg[7][7]
         UO_UART/U0_UART_TX/Ser/Q_reg[7]
         U0_Memory/RdData_reg[6]
         U0_FIFO_TOP/F_M/MEM_reg[7][6]
         U0_FIFO_TOP/F_M/MEM_reg[6][6]
         U0_FIFO_TOP/F_M/MEM_reg[5][6]
         U0_FIFO_TOP/F_M/MEM_reg[4][6]
         U0_FIFO_TOP/F_M/MEM_reg[3][6]
         U0_FIFO_TOP/F_M/MEM_reg[2][6]
         U0_FIFO_TOP/F_M/MEM_reg[1][6]
         U0_FIFO_TOP/F_M/MEM_reg[0][6]
         UO_UART/U0_UART_TX/Ser/Q_reg[6]
         U0_Memory/RdData_reg[5]
         U0_FIFO_TOP/F_M/MEM_reg[7][5]
         U0_FIFO_TOP/F_M/MEM_reg[6][5]
         U0_FIFO_TOP/F_M/MEM_reg[5][5]
         U0_FIFO_TOP/F_M/MEM_reg[4][5]
         U0_FIFO_TOP/F_M/MEM_reg[3][5]
         U0_FIFO_TOP/F_M/MEM_reg[2][5]
         U0_FIFO_TOP/F_M/MEM_reg[1][5]
         U0_FIFO_TOP/F_M/MEM_reg[0][5]
         UO_UART/U0_UART_TX/Ser/Q_reg[5]
         U0_Memory/RdData_reg[4]
         U0_FIFO_TOP/F_M/MEM_reg[7][4]
         U0_FIFO_TOP/F_M/MEM_reg[6][4]
         U0_FIFO_TOP/F_M/MEM_reg[5][4]
         U0_FIFO_TOP/F_M/MEM_reg[4][4]
         U0_FIFO_TOP/F_M/MEM_reg[3][4]
         U0_FIFO_TOP/F_M/MEM_reg[2][4]
         U0_FIFO_TOP/F_M/MEM_reg[1][4]
         U0_FIFO_TOP/F_M/MEM_reg[0][4]
         UO_UART/U0_UART_TX/Ser/Q_reg[4]
         U0_Memory/RdData_reg[3]
         U0_FIFO_TOP/F_M/MEM_reg[7][3]
         U0_FIFO_TOP/F_M/MEM_reg[6][3]
         U0_FIFO_TOP/F_M/MEM_reg[5][3]
         U0_FIFO_TOP/F_M/MEM_reg[4][3]
         U0_FIFO_TOP/F_M/MEM_reg[3][3]
         U0_FIFO_TOP/F_M/MEM_reg[2][3]
         U0_FIFO_TOP/F_M/MEM_reg[1][3]
         U0_FIFO_TOP/F_M/MEM_reg[0][3]
         UO_UART/U0_UART_TX/Ser/Q_reg[3]
         U0_Memory/RdData_reg[2]
         U0_FIFO_TOP/F_M/MEM_reg[7][2]
         U0_FIFO_TOP/F_M/MEM_reg[6][2]
         U0_FIFO_TOP/F_M/MEM_reg[5][2]
         U0_FIFO_TOP/F_M/MEM_reg[4][2]
         U0_FIFO_TOP/F_M/MEM_reg[3][2]
         U0_FIFO_TOP/F_M/MEM_reg[2][2]
         U0_FIFO_TOP/F_M/MEM_reg[1][2]
         U0_FIFO_TOP/F_M/MEM_reg[0][2]
         UO_UART/U0_UART_TX/Ser/Q_reg[2]
         U0_Memory/RdData_reg[1]
         U0_FIFO_TOP/F_M/MEM_reg[7][1]
         U0_FIFO_TOP/F_M/MEM_reg[6][1]
         U0_FIFO_TOP/F_M/MEM_reg[5][1]
         U0_FIFO_TOP/F_M/MEM_reg[4][1]
         U0_FIFO_TOP/F_M/MEM_reg[3][1]
         U0_FIFO_TOP/F_M/MEM_reg[2][1]
         U0_FIFO_TOP/F_M/MEM_reg[1][1]
         U0_FIFO_TOP/F_M/MEM_reg[0][1]
         UO_UART/U0_UART_TX/Ser/Q_reg[1]
         U0_Memory/RdData_reg[0]
         U0_FIFO_TOP/F_M/MEM_reg[7][0]
         U0_FIFO_TOP/F_M/MEM_reg[6][0]
         U0_FIFO_TOP/F_M/MEM_reg[5][0]
         U0_FIFO_TOP/F_M/MEM_reg[4][0]
         U0_FIFO_TOP/F_M/MEM_reg[3][0]
         U0_FIFO_TOP/F_M/MEM_reg[2][0]
         U0_FIFO_TOP/F_M/MEM_reg[1][0]
         U0_FIFO_TOP/F_M/MEM_reg[0][0]
         UO_UART/U0_UART_TX/Ser/Q_reg[0]
         UO_UART/U0_UART_RX/D_U_T_deserializer/P_DATA_reg[7]
         U_0_Data_Synchronizer/Sync_bus_reg[7]
         UO_UART/U0_UART_RX/D_U_T_deserializer/P_DATA_reg[0]
         UO_UART/U0_UART_RX/D_U_T_deserializer/P_DATA_reg[6]
         UO_UART/U0_UART_RX/D_U_T_deserializer/P_DATA_reg[5]
         UO_UART/U0_UART_RX/D_U_T_deserializer/P_DATA_reg[4]
         UO_UART/U0_UART_RX/D_U_T_deserializer/P_DATA_reg[3]
         UO_UART/U0_UART_RX/D_U_T_deserializer/P_DATA_reg[2]
         UO_UART/U0_UART_RX/D_U_T_deserializer/P_DATA_reg[1]
         U_0_Data_Synchronizer/Sync_bus_reg[0]
         U_0_Data_Synchronizer/Sync_bus_reg[1]
         U_0_Data_Synchronizer/Sync_bus_reg[3]
         U_0_Data_Synchronizer/Sync_bus_reg[4]
         U_0_Data_Synchronizer/Sync_bus_reg[5]
         U_0_Data_Synchronizer/Sync_bus_reg[6]
         U0_FIFO_TOP/F_R/rbinary_reg[0]
         U0_FIFO_TOP/F_R/rbinary_reg[1]
         UO_UART/U0_UART_TX/P_C/par_bit_reg
         U0_SYS_CTRL/current_state_reg[2]
         U0_Memory/memory_reg[2][3]
         U0_Memory/memory_reg[0][7]
         U0_Memory/memory_reg[0][6]
         U0_Memory/memory_reg[0][5]
         U0_Memory/memory_reg[0][4]
         U0_Memory/memory_reg[0][3]
         U0_Memory/memory_reg[0][2]
         U0_Memory/memory_reg[0][1]
         U0_Memory/memory_reg[1][0]
         U0_Memory/memory_reg[1][7]
         U0_Memory/memory_reg[1][6]
         U0_Memory/memory_reg[1][4]
         U0_Memory/memory_reg[1][3]
         U0_Memory/memory_reg[1][2]
         U_0_Data_Synchronizer/Sync_bus_reg[2]
         U0_FIFO_TOP/F_R/rbinary_reg[2]
         UO_UART/U0_UART_TX/F_S_M/current_state_reg[2]
         UO_UART/U0_UART_TX/F_S_M/current_state_reg[1]
         UO_UART/U0_UART_RX/D_U_T_Stop_C/stp_err_reg
         UO_UART/U0_UART_TX/F_S_M/current_state_reg[0]
         UO_UART/U0_UART_RX/D_U_T_P_C/par_err_reg
         U0_Memory/memory_reg[2][7]
         U0_Memory/memory_reg[2][0]
         U0_FIFO_TOP/F_R/rempty_reg
         UO_UART/U0_UART_RX/D_U_T_edge_pit_counter/edge_cnt_reg[0]
         U0_Memory/memory_reg[3][5]
         U0_Memory/memory_reg[6][2]
         U0_UART_RST/FF_reg[1]
         UO_RX_ClkDiv/last_div_ratio_reg[0]
         UO_RX_ClkDiv/last_div_ratio_reg[2]
         UO_RX_ClkDiv/last_div_ratio_reg[1]
         UO_RX_ClkDiv/counter_reg[2]
         UO_RX_ClkDiv/counter_reg[1]
         UO_RX_ClkDiv/div_clk_reg
         UO_RX_ClkDiv/counter_reg[0]
         UO_TX_ClkDiv/last_div_ratio_reg[0]
         UO_TX_ClkDiv/last_div_ratio_reg[7]
         UO_TX_ClkDiv/last_div_ratio_reg[6]
         UO_TX_ClkDiv/last_div_ratio_reg[5]
         UO_TX_ClkDiv/last_div_ratio_reg[4]
         UO_TX_ClkDiv/last_div_ratio_reg[3]
         UO_TX_ClkDiv/last_div_ratio_reg[2]
         UO_TX_ClkDiv/last_div_ratio_reg[1]
         UO_TX_ClkDiv/counter_reg[1]
         UO_TX_ClkDiv/counter_reg[2]
         UO_TX_ClkDiv/counter_reg[3]
         UO_TX_ClkDiv/counter_reg[4]
         UO_TX_ClkDiv/counter_reg[5]
         UO_TX_ClkDiv/counter_reg[6]
         UO_TX_ClkDiv/counter_reg[7]
         UO_TX_ClkDiv/div_clk_reg
         UO_TX_ClkDiv/counter_reg[0]
      *  11 cells are non-scan shift-register cells
         U0_FIFO_TOP/S_r2w/wq2_rptr_reg[3]
         U0_FIFO_TOP/S_r2w/wq2_rptr_reg[2]
         U0_FIFO_TOP/S_r2w/wq2_rptr_reg[1]
         U0_FIFO_TOP/S_r2w/wq2_rptr_reg[0]
         U0_PULSE_GEN/P_F_F_reg
         U0_FIFO_TOP/S_w2r/rq2_wptr_reg[0]
         U0_FIFO_TOP/S_w2r/rq2_wptr_reg[1]
         U0_FIFO_TOP/S_w2r/rq2_wptr_reg[2]
         U0_FIFO_TOP/S_w2r/rq2_wptr_reg[3]
         U_0_Data_Synchronizer/F_F_reg[0]
         U_0_Data_Synchronizer/P_F_F_reg

....Inferring feed-through connections....
Information: Test design rule checking completed. (TEST-123)
  Running test coverage estimation...
 15932 faults were added to fault list.
 0            6201   6742         0/0/0    57.37%      0.01
 0            2383   4359         0/0/0    72.33%      0.02
 0             886   3473         0/0/0    77.89%      0.02
 0             520   2953         0/0/1    81.15%      0.03
 0             530   2423         0/0/1    84.48%      0.03
 0             374   2049         0/0/1    86.83%      0.03
 0             486   1560         2/0/2    89.90%      0.03
 0             200   1360         2/0/2    91.15%      0.03
 0             194   1165         3/0/2    92.38%      0.04
 0             296    867         5/0/2    94.25%      0.05
 0             136    728         7/0/2    95.12%      0.05
 0             125    602         8/0/2    95.91%      0.05
 0             103    496        11/0/2    96.58%      0.05
 0              90    401        15/0/2    97.17%      0.05
 0              63    334        18/0/2    97.59%      0.05
 0              82    243        21/0/2    98.16%      0.06
 0              66    172        25/0/2    98.61%      0.07
 0              52    120        25/0/3    98.94%      0.07
 0              40     68        34/0/3    99.26%      0.07
 0              63      4        35/0/3    99.67%      0.07
 0               3      1        35/0/3    99.69%      0.07
 
            Pattern Summary Report
 -----------------------------------------------
 #internal patterns                           0
 -----------------------------------------------
 

     Uncollapsed Stuck Fault Summary Report
 -----------------------------------------------
 fault class                     code   #faults
 ------------------------------  ----  ---------
 Detected                         DT      15830
 Possibly detected                PT          0
 Undetectable                     UD         52
 ATPG untestable                  AU         49
 Not detected                     ND          1
 -----------------------------------------------
 total faults                             15932
 test coverage                            99.69%
 -----------------------------------------------
  Information: The test coverage above may be inferior
               than the real test coverage with customized
               protocol and test simulation library.
1
