*----------------------------------------------------------------------------------------
*	First Encounter 08.10-p004_1 (32bit) 11/04/2008 14:34 (Linux 2.6)
*	
*
* 	Date & Time:	2026-Oct-05 16:39:35 (2026-Oct-05 14:39:35 GMT)
*
*----------------------------------------------------------------------------------------
*
*	Design: SYS_TOP
*
*	Liberty Libraries used: 
*	        ../std_cells/libs/scmetro_tsmc_cl013g_rvt_ss_1p08v_125c.lib
*
*	Power Domain used: 
*		Rail:        VDD 	Voltage:       1.08 
*
*       User-Defined Activity : N.A.
*
*       Activity File: N.A.
*
*       Hierarchical Global Activity: N.A.
*
*       Global Activity: N.A.
*
*       Sequential Element Activity: N.A.
*
*       Clock Gates Enable Activity: N.A.
*
*       Primary Input Activity: 0.200000
*
*	Power Units = 1mW
*
*	Time Units = 1e-09 secs 
*
*       report_power -outfile reports/power.rpt
*
-----------------------------------------------------------------------------------------


Total Power 
-----------------------------------------------------------------------------------------
Total Internal Power:      0.3614      66.99%
Total Switching Power:     0.1641      30.42%
Total Leakage Power:      0.01396      2.587%
Total Power:               0.5394 
-----------------------------------------------------------------------------------------


Group                           Internal   Switching     Leakage       Total  Percentage 
                                Power      Power         Power         Power  (%)        
-----------------------------------------------------------------------------------------
Sequential                        0.2605     0.01951    0.005414      0.2855       52.92 
Macro                                  0           0           0           0           0 
IO                                     0           0           0           0           0 
Combinational                     0.1008      0.1446    0.008541       0.254       47.08 
-----------------------------------------------------------------------------------------
Total                             0.3614      0.1641     0.01396      0.5394         100 
-----------------------------------------------------------------------------------------


Rail                  Voltage   Internal   Switching     Leakage       Total  Percentage 
                                Power      Power         Power         Power  (%)        
-----------------------------------------------------------------------------------------
VDD                      1.08     0.3614      0.1641     0.01396      0.5394         100 


Clock                           Internal   Switching     Leakage       Total  Percentage 
                                Power      Power         Power         Power  (%)        
-----------------------------------------------------------------------------------------
UART_TX_CLK                     0.004128    0.006082   0.0003788     0.01059       1.963 
UART_RX_CLK                     0.006267    0.008614   0.0004842     0.01536       2.848 
GATED_CLK                        0.01705     0.01739    0.000191     0.03463        6.42 
DFTCLK                            0.2033      0.2463    0.006854      0.4565       84.62 
UART_CLK                         0.03742     0.02605    0.002488     0.06596       12.23 
REF_CLK                           0.1453      0.2027      0.0028      0.3507       65.02 
-----------------------------------------------------------------------------------------
Total                             0.4134      0.5071     0.01319      0.9338       173.1 
-----------------------------------------------------------------------------------------


-----------------------------------------------------------------------------------------
*	Power Distribution Summary: 
* 		Highest Average Power:        SYS_DFT_CLK__L6_I2 (CLKINVX40M): 	  0.007851 
* 		Highest Leakage Power:      UART_DFT_CLK__L10_I0 (CLKBUFX40M): 	 5.483e-05 
* 		Total Cap: 	2.17799e-11 F
* 		Total instances in design:  1915
* 		Total instances in design with no power:     1
*          Total instances in design with no activty:     1
* 		Total Fillers and Decap:     0
-----------------------------------------------------------------------------------------

