# generated on Mon Oct  5 16:39:30 2026
# Top Cell: SYS_TOP

------------------------------------------------------------
          timeDesign Summary                             
------------------------------------------------------------

+--------------------+---------+---------+---------+---------+---------+---------+
|     Setup mode     |   all   | reg2reg | in2reg  | reg2out | in2out  | clkgate |
+--------------------+---------+---------+---------+---------+---------+---------+
|           WNS (ns):|  0.255  |  0.255  | 16.459  | 76.975  |   N/A   | 17.894  |
|           TNS (ns):|  0.000  |  0.000  |  0.000  |  0.000  |   N/A   |  0.000  |
|    Violating Paths:|    0    |    0    |    0    |    0    |   N/A   |    0    |
|          All Paths:|  1390   |  1048   |   708   |    7    |   N/A   |    1    |
+--------------------+---------+---------+---------+---------+---------+---------+

+----------------+---------------------------+--------------+
|                |            Real           |     Total    |
|    DRVs        +--------------+------------+--------------|
|                |Nr nets(terms)| Worst Vio  |Nr nets(terms)|
+----------------+--------------+------------+--------------+
|   max_cap      |    0 (0)     |   0.000    |    0 (0)     |
|   max_tran     |    0 (0)     |   0.000    |    0 (0)     |
|   max_fanout   |    0 (0)     |     0      |    0 (0)     |
+----------------+--------------+------------+--------------+

Density: 100.000%
------------------------------------------------------------
