/home/ICer/Projects/System/ALL_RTL/MUX.v
/home/ICer/Projects/System/ALL_RTL/TOP.v
/home/ICer/Projects/System/ALL_RTL/TOP_RX.v
/home/ICer/Projects/System/ALL_RTL/TOP_TX.v
/home/ICer/Projects/System/ALL_RTL/ALU_FUN.v
/home/ICer/Projects/System/ALL_RTL/FIFO_RD.v
/home/ICer/Projects/System/ALL_RTL/FIFO_WR.v
/home/ICer/Projects/System/ALL_RTL/RegFile.v
/home/ICer/Projects/System/ALL_RTL/RST_SYN.v
/home/ICer/Projects/System/ALL_RTL/CLK_GATE.v
/home/ICer/Projects/System/ALL_RTL/Sync_r2w.v
/home/ICer/Projects/System/ALL_RTL/Sync_w2r.v
/home/ICer/Projects/System/ALL_RTL/TOP_UART.v
/home/ICer/Projects/System/ALL_RTL/PULSE_GEN.v
/home/ICer/Projects/System/ALL_RTL/CLKDIV_MUX.v
/home/ICer/Projects/System/ALL_RTL/Serializer.v
/home/ICer/Projects/System/ALL_RTL/Stop_check.v
/home/ICer/Projects/System/ALL_RTL/Strt_Check.v
/home/ICer/Projects/System/ALL_RTL/CLK_Divider.v
/home/ICer/Projects/System/ALL_RTL/FIFO_Memory.v
/home/ICer/Projects/System/ALL_RTL/Parity_Calc.v
/home/ICer/Projects/System/ALL_RTL/A_System_Top.v
/home/ICer/Projects/System/ALL_RTL/deserializer.v
/home/ICer/Projects/System/ALL_RTL/Parity_Check.v
/home/ICer/Projects/System/ALL_RTL/data_sampling.v
/home/ICer/Projects/System/ALL_RTL/edge_pit_counter.v
/home/ICer/Projects/System/ALL_RTL/Data_Synchronizer.v
