/home/ICer/Projects/System/ALL_RTL_DFT/MUX.v
/home/ICer/Projects/System/ALL_RTL_DFT/TOP.v
/home/ICer/Projects/System/ALL_RTL_DFT/TOP_RX.v
/home/ICer/Projects/System/ALL_RTL_DFT/TOP_TX.v
/home/ICer/Projects/System/ALL_RTL_DFT/ALU_FUN.v
/home/ICer/Projects/System/ALL_RTL_DFT/FIFO_RD.v
/home/ICer/Projects/System/ALL_RTL_DFT/FIFO_WR.v
/home/ICer/Projects/System/ALL_RTL_DFT/RegFile.v
/home/ICer/Projects/System/ALL_RTL_DFT/RST_SYN.v
/home/ICer/Projects/System/ALL_RTL_DFT/CLK_GATE.v
/home/ICer/Projects/System/ALL_RTL_DFT/Sync_r2w.v
/home/ICer/Projects/System/ALL_RTL_DFT/Sync_w2r.v
/home/ICer/Projects/System/ALL_RTL_DFT/TOP_UART.v
/home/ICer/Projects/System/ALL_RTL_DFT/PULSE_GEN.v
/home/ICer/Projects/System/ALL_RTL_DFT/CLKDIV_MUX.v
/home/ICer/Projects/System/ALL_RTL_DFT/Serializer.v
/home/ICer/Projects/System/ALL_RTL_DFT/Stop_check.v
/home/ICer/Projects/System/ALL_RTL_DFT/Strt_Check.v
/home/ICer/Projects/System/ALL_RTL_DFT/CLK_Divider.v
/home/ICer/Projects/System/ALL_RTL_DFT/FIFO_Memory.v
/home/ICer/Projects/System/ALL_RTL_DFT/Parity_Calc.v
/home/ICer/Projects/System/ALL_RTL_DFT/A_System_Top.v
/home/ICer/Projects/System/ALL_RTL_DFT/deserializer.v
/home/ICer/Projects/System/ALL_RTL_DFT/Parity_Check.v
/home/ICer/Projects/System/ALL_RTL_DFT/data_sampling.v
/home/ICer/Projects/System/ALL_RTL_DFT/edge_pit_counter.v
/home/ICer/Projects/System/ALL_RTL_DFT/Data_Synchronizer.v
