../rtl/ALU/ALU_FUN.v
../rtl/Asynchronous_FIFO/FIFO_Memory.v
../rtl/Asynchronous_FIFO/FIFO_RD.v
../rtl/Asynchronous_FIFO/FIFO_WR.v
../rtl/Asynchronous_FIFO/Sync_r2w.v
../rtl/Asynchronous_FIFO/Sync_w2r.v
../rtl/Asynchronous_FIFO/TOP.v
../rtl/CLK GATE/CLK_GATE.v
../rtl/CLKDIV_MUX/CLKDIV_MUX.v
../rtl/CLK_Divider/CLK_Divider.v
../rtl/Data_Synchronizer/Data_Synchronizer.v
../rtl/PULSE_GEN/PULSE_GEN.v
../rtl/RST_SYN/RST_SYN.v
../rtl/RegFile/RegFile.v
../rtl/SYS_CTRL/SYS_CTRL.sv
../rtl/UART/Top/A_TOP_UART.v
../rtl/UART/Top/FSM_RX.sv
../rtl/UART/Top/FSM_TX.sv
../rtl/UART/Top/MUX.v
../rtl/UART/Top/Parity_Calc.v
../rtl/UART/Top/Parity_Check.v
../rtl/UART/Top/Serializer.v
../rtl/UART/Top/Stop_check.v
../rtl/UART/Top/Strt_Check.v
../rtl/UART/Top/TOP_RX.v
../rtl/UART/Top/TOP_TX.v
../rtl/UART/Top/data_sampling.v
../rtl/UART/Top/deserializer.v
../rtl/UART/Top/edge_pit_counter.v
../rtl/TOP_Module/System_Top.v
../rtl/System_tb/A_System_TB.sv
